Resolving dependencies...
Downloading packages...
  _fe_analyzer_shared 61.0.0 (107.0.0 available)
  _flutterfire_internals 1.3.59 (1.3.77 available)
  analyzer 5.13.0 (14.3.0 available)
  archive 4.0.9 (4.2.0 available)
  build 2.4.1 (4.0.11 available)
  build_config 1.1.2 (1.3.3 available)
  build_daemon 4.1.5 (4.1.6 available)
  build_resolvers 2.4.2 (3.0.4 available)
  build_runner 2.4.13 (2.16.1 available)
  build_runner_core 7.3.2 (9.3.2 available)
  built_value 8.12.7 (8.13.0 available)
  cached_network_image 3.4.1 (4.0.0 available)
  cached_network_image_platform_interface 4.1.1 (5.0.0 available)
  cached_network_image_web 1.3.1 (2.0.0 available)
  carp_serializable 2.0.1 (3.0.0 available)
  cli_util 0.4.2 (0.6.0 available)
  clock 1.1.2 (1.1.3 available)
  cloud_firestore 5.6.12 (6.9.0 available)
  cloud_firestore_platform_interface 6.6.12 (8.0.7 available)
  cloud_firestore_web 4.4.12 (5.7.3 available)
  code_assets 1.2.1 (2.0.0 available)
  code_builder 4.11.1 (4.12.0 available)
  cross_file 0.3.5+4 (0.3.5+5 available)
  dart_style 2.3.2 (3.1.13 available)
  dbus 0.7.14 (0.7.15 available)
  device_info_plus 12.4.0 (13.2.0 available)
  device_info_plus_platform_interface 7.0.3 (8.1.0 available)
  file_picker 8.3.7 (12.2.0 available)
  file_selector_linux 0.9.4 (0.9.4+1 available)
  file_selector_macos 0.9.5 (0.9.5+1 available)
  file_selector_windows 0.9.3+5 (0.9.3+6 available)
  firebase_ai 2.3.0 (4.0.0 available)
  firebase_analytics 11.6.0 (12.5.0 available)
  firebase_analytics_platform_interface 4.4.3 (6.0.7 available)
  firebase_analytics_web 0.5.10+16 (0.6.1+13 available)
  firebase_app_check 0.3.2+10 (0.4.7 available)
  firebase_app_check_platform_interface 0.1.1+10 (0.4.2+1 available)
  firebase_app_check_web 0.2.0+14 (0.2.6+1 available)
  firebase_auth 5.7.0 (6.6.1 available)
  firebase_auth_platform_interface 7.7.3 (9.0.7 available)
  firebase_auth_web 5.15.3 (6.2.7 available)
  firebase_core 3.15.2 (4.14.0 available)
  firebase_core_platform_interface 6.0.3 (8.1.1 available)
  firebase_core_web 2.24.1 (3.11.0 available)
  fl_chart 0.70.2 (1.2.0 available)
  flutter_launcher_icons 0.13.1 (0.14.4 available)
  flutter_local_notifications 17.2.4 (22.3.0 available)
  flutter_local_notifications_linux 4.0.1 (8.0.1 available)
  flutter_local_notifications_platform_interface 7.2.0 (12.2.0 available)
  flutter_riverpod 2.6.1 (3.4.2 available)
  flutter_secure_storage 10.3.1 (11.0.0 available)
  flutter_secure_storage_darwin 0.3.2 (0.4.0 available)
  flutter_secure_storage_windows 4.1.0 (4.2.2 available)
  glob 2.1.3 (2.2.0 available)
  go_router 14.8.1 (18.0.1 available)
  google_fonts 6.3.3 (8.2.1 available)
  google_sign_in 6.3.0 (7.2.0 available)
  google_sign_in_android 6.2.1 (7.2.17 available)
  google_sign_in_ios 5.9.0 (6.3.3 available)
  google_sign_in_platform_interface 2.5.0 (3.1.0 available)
  google_sign_in_web 0.12.4+4 (1.1.3 available)
  googleai_dart 11.0.0 (12.0.1 available)
  health 13.3.1 (13.3.2 available)
  home_widget 0.9.3 (0.9.4 available)
  hooks 2.0.2 (2.2.0 available)
  image_picker_android 0.8.13+19 (0.8.13+22 available)
  image_picker_ios 0.8.13+6 (0.8.13+7 available)
  intl 0.19.0 (0.20.3 available)
  io 1.0.5 (1.1.0 available)
  jni_flutter 1.0.2 (1.0.3 available)
  js 0.6.7 (0.7.2 available)
  matcher 0.12.19 (0.12.20 available)
  material_color_utilities 0.13.0 (0.13.1 available)
  meta 1.18.0 (1.19.0 available)
  mime 2.0.0 (2.1.0 available)
  objective_c 9.5.0 (9.6.0 available)
  package_config 2.2.0 (3.0.0 available)
  package_info_plus 9.0.1 (10.2.1 available)
  package_info_plus_platform_interface 3.2.1 (4.1.0 available)
  permission_handler 11.4.0 (13.0.2 available)
  permission_handler_android 12.1.0 (14.1.0 available)
  permission_handler_platform_interface 4.4.0 (4.4.1 available)
  pointycastle 3.9.1 (4.0.0 available)
  pool 1.5.2 (1.5.3 available)
  pub_semver 2.2.0 (2.2.1 available)
  pubspec_parse 1.5.0 (1.6.0 available)
  qr 3.0.2 (4.0.0 available)
  record_use 0.6.0 (1.1.1 available)
  riverpod 2.6.1 (3.4.2 available)
  share_plus 12.0.2 (13.3.0 available)
  share_plus_platform_interface 6.1.0 (7.2.0 available)
  shared_preferences_android 2.4.27 (2.4.28 available)
  shared_preferences_foundation 2.5.6 (2.5.7 available)
  shelf_web_socket 2.0.1 (3.0.0 available)
  source_gen 1.5.0 (4.3.0 available)
  stack_trace 1.12.1 (1.12.2 available)
  stream_transform 2.1.1 (2.1.2 available)
  synchronized 3.4.1+1 (3.4.1+2 available)
  test_api 0.7.11 (0.7.14 available)
  timezone 0.9.4 (0.11.1 available)
  url_launcher_android 6.3.32 (6.3.33 available)
  url_launcher_ios 6.4.1 (6.4.2 available)
  url_launcher_linux 3.2.2 (3.2.3 available)
  url_launcher_macos 3.2.5 (3.2.6 available)
  url_launcher_windows 3.1.5 (3.1.6 available)
  vector_math 2.2.0 (2.4.2 available)
  vm_service 15.2.0 (15.3.0 available)
  wakelock_plus 1.5.2 (1.8.0 available)
  wakelock_plus_platform_interface 1.6.0 (1.7.0 available)
  webview_flutter_android 4.14.0 (4.14.1 available)
  webview_flutter_wkwebview 3.26.0 (3.26.1 available)
  win32 5.15.0 (6.4.0 available)
  win32_registry 2.1.0 (3.0.3 available)
  xml 6.6.1 (7.0.1 available)
  yaml 3.1.3 (3.1.4 available)
Got dependencies!
115 packages have newer versions incompatible with dependency constraints.
Try `flutter pub outdated` for more information.
00:00 +0: loading C:/Users/sande/OneDrive/Desktop/Without Mitra/test/backup_encryption_test.dart
00:00 +0: C:/Users/sande/OneDrive/Desktop/Without Mitra/test/backup_encryption_test.dart: BackupEncryptionService round-trip encryption and decryption (v2)
00:00 +1: C:/Users/sande/OneDrive/Desktop/Without Mitra/test/backup_encryption_test.dart: BackupEncryptionService round-trip encryption and decryption (v2)
00:00 +2: C:/Users/sande/OneDrive/Desktop/Without Mitra/test/backup_encryption_test.dart: BackupEncryptionService round-trip encryption and decryption (v2)
00:01 +3: C:/Users/sande/OneDrive/Desktop/Without Mitra/test/backup_encryption_test.dart: BackupEncryptionService round-trip encryption and decryption (v2)
00:01 +4: C:/Users/sande/OneDrive/Desktop/Without Mitra/test/backup_encryption_test.dart: BackupEncryptionService round-trip encryption and decryption (v2)
00:01 +5: C:/Users/sande/OneDrive/Desktop/Without Mitra/test/backup_encryption_test.dart: BackupEncryptionService rejection on wrong password (v2)
00:01 +6: C:/Users/sande/OneDrive/Desktop/Without Mitra/test/backup_encryption_test.dart: BackupEncryptionService rejection on wrong password (v2)
00:01 +7: C:/Users/sande/OneDrive/Desktop/Without Mitra/test/backup_encryption_test.dart: BackupEncryptionService rejection on wrong password (v2)
00:03 +8: C:/Users/sande/OneDrive/Desktop/Without Mitra/test/backup_encryption_test.dart: BackupEncryptionService rejection on tampered bytes (GCM tag verification)
00:05 +9: C:/Users/sande/OneDrive/Desktop/Without Mitra/test/backup_encryption_test.dart: BackupEncryptionService successful decryption of v1 legacy data
00:05 +10: C:/Users/sande/OneDrive/Desktop/Without Mitra/test/backup_encryption_test.dart: BackupEncryptionService rejection on wrong password (v1)
00:08 +11 -1: loading C:/Users/sande/OneDrive/Desktop/Without Mitra/test/providers/coach_note_notifier_test.dart [E]
  Failed to load "C:/Users/sande/OneDrive/Desktop/Without Mitra/test/providers/coach_note_notifier_test.dart":
  Compilation failed for testPath=C:/Users/sande/OneDrive/Desktop/Without Mitra/test/providers/coach_note_notifier_test.dart: lib/screens/onboarding/pages/your_plan_page.dart:193:95: Error: The getter 'protein' isn't defined for the type 'AppColorsPalette'.
   - 'AppColorsPalette' is from 'package:trufit_bodamma/theme/app_colors.dart' ('lib/theme/app_colors.dart').
  Try correcting the name to the name of an existing getter, or defining a getter or field named 'protein'.
                          _MacroChip(label: '${dynamicMacros.proteinG}g', color: context.colors.protein),
                                                                                                ^^^^^^^
  lib/screens/onboarding/pages/your_plan_page.dart:195:93: Error: The getter 'carbs' isn't defined for the type 'AppColorsPalette'.
   - 'AppColorsPalette' is from 'package:trufit_bodamma/theme/app_colors.dart' ('lib/theme/app_colors.dart').
  Try correcting the name to the name of an existing getter, or defining a getter or field named 'carbs'.
                          _MacroChip(label: '${dynamicMacros.carbsG}g', color: context.colors.carbs),
                                                                                              ^^^^^
  lib/screens/onboarding/pages/your_plan_page.dart:197:91: Error: The getter 'fat' isn't defined for the type 'AppColorsPalette'.
   - 'AppColorsPalette' is from 'package:trufit_bodamma/theme/app_colors.dart' ('lib/theme/app_colors.dart').
  Try correcting the name to the name of an existing getter, or defining a getter or field named 'fat'.
                          _MacroChip(label: '${dynamicMacros.fatG}g', color: context.colors.fat),
                                                                                            ^^^
  .
00:17 +11 -2: loading C:/Users/sande/OneDrive/Desktop/Without Mitra/test/providers/daily_score_provider_test.dart [E]
  Failed to load "C:/Users/sande/OneDrive/Desktop/Without Mitra/test/providers/daily_score_provider_test.dart":
  Compilation failed for testPath=C:/Users/sande/OneDrive/Desktop/Without Mitra/test/providers/daily_score_provider_test.dart: lib/screens/onboarding/pages/your_plan_page.dart:193:95: Error: The getter 'protein' isn't defined for the type 'AppColorsPalette'.
   - 'AppColorsPalette' is from 'package:trufit_bodamma/theme/app_colors.dart' ('lib/theme/app_colors.dart').
  Try correcting the name to the name of an existing getter, or defining a getter or field named 'protein'.
                          _MacroChip(label: '${dynamicMacros.proteinG}g', color: context.colors.protein),
                                                                                                ^^^^^^^
  lib/screens/onboarding/pages/your_plan_page.dart:195:93: Error: The getter 'carbs' isn't defined for the type 'AppColorsPalette'.
   - 'AppColorsPalette' is from 'package:trufit_bodamma/theme/app_colors.dart' ('lib/theme/app_colors.dart').
  Try correcting the name to the name of an existing getter, or defining a getter or field named 'carbs'.
                          _MacroChip(label: '${dynamicMacros.carbsG}g', color: context.colors.carbs),
                                                                                              ^^^^^
  lib/screens/onboarding/pages/your_plan_page.dart:197:91: Error: The getter 'fat' isn't defined for the type 'AppColorsPalette'.
   - 'AppColorsPalette' is from 'package:trufit_bodamma/theme/app_colors.dart' ('lib/theme/app_colors.dart').
  Try correcting the name to the name of an existing getter, or defining a getter or field named 'fat'.
                          _MacroChip(label: '${dynamicMacros.fatG}g', color: context.colors.fat),
                                                                                            ^^^
  .
00:25 +11 -3: loading C:/Users/sande/OneDrive/Desktop/Without Mitra/test/providers/habit_streak_test.dart [E]
  Failed to load "C:/Users/sande/OneDrive/Desktop/Without Mitra/test/providers/habit_streak_test.dart":
  Compilation failed for testPath=C:/Users/sande/OneDrive/Desktop/Without Mitra/test/providers/habit_streak_test.dart: lib/screens/onboarding/pages/your_plan_page.dart:193:95: Error: The getter 'protein' isn't defined for the type 'AppColorsPalette'.
   - 'AppColorsPalette' is from 'package:trufit_bodamma/theme/app_colors.dart' ('lib/theme/app_colors.dart').
  Try correcting the name to the name of an existing getter, or defining a getter or field named 'protein'.
                          _MacroChip(label: '${dynamicMacros.proteinG}g', color: context.colors.protein),
                                                                                                ^^^^^^^
  lib/screens/onboarding/pages/your_plan_page.dart:195:93: Error: The getter 'carbs' isn't defined for the type 'AppColorsPalette'.
   - 'AppColorsPalette' is from 'package:trufit_bodamma/theme/app_colors.dart' ('lib/theme/app_colors.dart').
  Try correcting the name to the name of an existing getter, or defining a getter or field named 'carbs'.
                          _MacroChip(label: '${dynamicMacros.carbsG}g', color: context.colors.carbs),
                                                                                              ^^^^^
  lib/screens/onboarding/pages/your_plan_page.dart:197:91: Error: The getter 'fat' isn't defined for the type 'AppColorsPalette'.
   - 'AppColorsPalette' is from 'package:trufit_bodamma/theme/app_colors.dart' ('lib/theme/app_colors.dart').
  Try correcting the name to the name of an existing getter, or defining a getter or field named 'fat'.
                          _MacroChip(label: '${dynamicMacros.fatG}g', color: context.colors.fat),
                                                                                            ^^^
  .
00:36 +11 -3: C:/Users/sande/OneDrive/Desktop/Without Mitra/test/screens/workout/widgets/exercise_card_test.dart: (setUpAll)
00:36 +11 -3: C:/Users/sande/OneDrive/Desktop/Without Mitra/test/screens/workout/widgets/exercise_card_test.dart: ExerciseCard Widget Tests renders exercise name and reps correctly
00:37 +12 -3: C:/Users/sande/OneDrive/Desktop/Without Mitra/test/screens/workout/widgets/exercise_card_test.dart: ExerciseCard Widget Tests renders exercise name and reps correctly
00:37 +13 -3: C:/Users/sande/OneDrive/Desktop/Without Mitra/test/screens/workout/widgets/exercise_card_test.dart: ExerciseCard Widget Tests renders exercise name and reps correctly
00:37 +14 -3: C:/Users/sande/OneDrive/Desktop/Without Mitra/test/screens/workout/widgets/exercise_card_test.dart: ExerciseCard Widget Tests renders exercise name and reps correctly
00:37 +15 -3: C:/Users/sande/OneDrive/Desktop/Without Mitra/test/screens/workout/widgets/exercise_card_test.dart: ExerciseCard Widget Tests renders exercise name and reps correctly
00:38 +16 -3: C:/Users/sande/OneDrive/Desktop/Without Mitra/test/screens/workout/widgets/exercise_card_test.dart: ExerciseCard Widget Tests renders exercise name and reps correctly
00:38 +17 -3: C:/Users/sande/OneDrive/Desktop/Without Mitra/test/social/social_features_test.dart: UID Validation Regex valid UID passes
00:38 +18 -3: C:/Users/sande/OneDrive/Desktop/Without Mitra/test/social/social_features_test.dart: UID Validation Regex invalid UID fails
00:38 +19 -3: C:/Users/sande/OneDrive/Desktop/Without Mitra/test/social/social_features_test.dart: Leaderboard Sort Order Sort active profiles Today (by steps, then streak)
00:38 +20 -3: C:/Users/sande/OneDrive/Desktop/Without Mitra/test/social/social_features_test.dart: Leaderboard Sort Order Sort active profiles This Week (by weekly steps, then weekly workouts)
00:38 +21 -3: C:/Users/sande/OneDrive/Desktop/Without Mitra/test/social/social_features_test.dart: Leaderboard Sort Order Split inactive properly (> 7 days)
00:38 +22 -3: C:/Users/sande/OneDrive/Desktop/Without Mitra/test/social/social_features_test.dart: Weekly Steps Computation boundary correctness Calculates current week correctly (Mon-Sun)
00:39 +23 -3: C:/Users/sande/OneDrive/Desktop/Without Mitra/test/social/social_logic_test.dart: SocialProfile Tests toJson/fromJson serialization with new fields
00:40 +24 -3: C:/Users/sande/OneDrive/Desktop/Without Mitra/test/theme_test.dart: AppTheme.light initializes without crashing
00:40 +25 -3: C:/Users/sande/OneDrive/Desktop/Without Mitra/test/theme_test.dart: AppTheme.dark initializes without crashing
00:40 +26 -3: C:/Users/sande/OneDrive/Desktop/Without Mitra/test/utils/pr_calculator_test.dart: calculate1RM returns correct values
00:41 +27 -3: C:/Users/sande/OneDrive/Desktop/Without Mitra/test/utils/pr_calculator_test.dart: calculateNewPr detects new max weight
00:41 +28 -3: C:/Users/sande/OneDrive/Desktop/Without Mitra/test/utils/pr_calculator_test.dart: calculateNewPr detects new max reps at same weight
00:41 +29 -3: C:/Users/sande/OneDrive/Desktop/Without Mitra/test/utils/pr_calculator_test.dart: calculateNewPr detects max volume
00:41 +30 -3: C:/Users/sande/OneDrive/Desktop/Without Mitra/test/utils/workout_completion_test.dart: isRestDay is true for Sunday or empty sections
00:41 +31 -3: C:/Users/sande/OneDrive/Desktop/Without Mitra/test/utils/workout_completion_test.dart: training day incomplete / complete via logs
00:41 +32 -3: C:/Users/sande/OneDrive/Desktop/Without Mitra/test/utils/workout_completion_test.dart: Finish-early / skip via DailyLog.workoutCompleted counts as day done
00:41 +33 -3: C:/Users/sande/OneDrive/Desktop/Without Mitra/test/utils/workout_completion_test.dart: rest day scores as done
00:41 +34 -3: C:/Users/sande/OneDrive/Desktop/Without Mitra/test/utils/workout_completion_test.dart: resolveWorkoutDay maps weekday to plan day
00:42 +35 -3: C:/Users/sande/OneDrive/Desktop/Without Mitra/test/widget_test.dart: WorkoutPlan fromJson parses correctly
00:42 +36 -3: C:/Users/sande/OneDrive/Desktop/Without Mitra/test/widget_test.dart: WorkoutPlan Exercise YouTube ID extraction
00:42 +37 -3: C:/Users/sande/OneDrive/Desktop/Without Mitra/test/widget_test.dart: MealPlan calorie computation
00:42 +38 -3: C:/Users/sande/OneDrive/Desktop/Without Mitra/test/widget_test.dart: DailyLog hasAnyActivity
00:42 +39 -3: C:/Users/sande/OneDrive/Desktop/Without Mitra/test/widget_test.dart: Habit defaults
00:42 +40 -3: Some tests failed.

Failing tests:
  C:/Users/sande/OneDrive/Desktop/Without Mitra/test/providers/coach_note_notifier_test.dart: loading C:/Users/sande/OneDrive/Desktop/Without Mitra/test/providers/coach_note_notifier_test.dart
  C:/Users/sande/OneDrive/Desktop/Without Mitra/test/providers/daily_score_provider_test.dart: loading C:/Users/sande/OneDrive/Desktop/Without Mitra/test/providers/daily_score_provider_test.dart
  C:/Users/sande/OneDrive/Desktop/Without Mitra/test/providers/habit_streak_test.dart: loading C:/Users/sande/OneDrive/Desktop/Without Mitra/test/providers/habit_streak_test.dart
